Microchip MPLAB XC8 Compiler V2.32

Linker command line:

-W-3 --edf=C:\Program Files\Microchip\xc8\v2.32\pic\dat\en_msgs.txt -cn \
  -h+dist/default/production\PIC16F87XA.X.production.sym \
  --cmf=dist/default/production\PIC16F87XA.X.production.cmf -z -Q16F877A \
  -oC:\Users\Atef\AppData\Local\Temp\xcAs79c.4 --defsym=__MPLAB_BUILD=1 \
  -Mdist/default/production/PIC16F87XA.X.production.map -E1 \
  -ver=XC8 Compiler --acfsm=1493 -ASTACK=0110h-016Fh -pstack=STACK \
  -ACODE=00h-07FFhx4 -ASTRCODE=00h-01FFFh -ASTRING=00h-0FFhx32 \
  -ACONST=00h-0FFhx32 -AENTRY=00h-0FFhx32 -ACOMMON=070h-07Fh \
  -ABANK0=020h-06Fh -ABANK1=0A0h-0EFh -ABANK2=0110h-016Fh \
  -ABANK3=0190h-01EFh -ARAM=020h-06Fh,0A0h-0EFh,0110h-016Fh,0190h-01EFh \
  -AABS1=020h-07Fh,0A0h-0EFh,0110h-016Fh,0190h-01EFh -ASFR0=00h-01Fh \
  -ASFR1=080h-09Fh -ASFR2=0100h-010Fh -ASFR3=0180h-018Fh \
  -ACONFIG=02007h-02007h -DCONFIG=2 -AIDLOC=02000h-02003h -DIDLOC=2 \
  -AEEDATA=00h-0FFh/02100h -peeprom_data=EEDATA -DEEDATA=2 -DCODE=2 \
  -DSTRCODE=2 -DSTRING=2 -DCONST=2 -DENTRY=2 \
  -preset_vec=00h,intentry,init,end_init -ppowerup=CODE -pcinit=CODE \
  -pfunctab=ENTRY -k C:\Users\Atef\AppData\Local\Temp\xcAs79c.o \
  dist/default/production\PIC16F87XA.X.production.o 

Object code version is 3.11

Machine type is 16F877A



                Name                               Link     Load   Length Selector   Space Scale
C:\Users\Atef\AppData\Local\Temp\xcAs79c.o
                end_init                              0        0        3        0       0
                config                             2007     2007        1        0       4
dist/default/production\PIC16F87XA.X.production.o
                cinit                               7FC      7FC        4      FF8       0
                config                             2007     2007        1        0       4
                text8                               723      723       D9      E46       0
                text7                               5E7      5E7       3B      BCE       0
                text6                               5B6      5B6       31      B6C       0
                text5                               587      587       2F      B0E       0
                text4                               559      559       2E      AB2       0
                text3                               538      538        B      A70       0
                text2                               622      622       61      C44       0
                text1                               683      683       A0      D06       0
                maintext                            543      543       16      A86       0
                cstackBANK0                          20       20        5       20       1
                cstackCOMMON                         70       70        E       70       1

TOTAL           Name                               Link     Load   Length     Space
        CLASS   STACK          

        CLASS   CODE           
                end_init                              0        0        3         0
                cinit                               7FC      7FC        4         0
                text8                               723      723       D9         0
                text7                               5E7      5E7       3B         0
                text6                               5B6      5B6       31         0
                text5                               587      587       2F         0
                text4                               559      559       2E         0
                text3                               538      538        B         0
                text2                               622      622       61         0
                text1                               683      683       A0         0
                maintext                            543      543       16         0

        CLASS   STRCODE        

        CLASS   STRING         

        CLASS   CONST          

        CLASS   ENTRY          

        CLASS   COMMON         
                cstackCOMMON                         70       70        E         1

        CLASS   BANK0          
                cstackBANK0                          20       20        5         1

        CLASS   BANK1          

        CLASS   BANK2          

        CLASS   BANK3          

        CLASS   RAM            

        CLASS   ABS1           
                abs_s1                               7E       7E        2         1

        CLASS   SFR0           

        CLASS   SFR1           

        CLASS   SFR2           

        CLASS   SFR3           

        CLASS   CONFIG         
                config                             2007     2007        1         4

        CLASS   IDLOC          

        CLASS   EEDATA         



SEGMENTS        Name                           Load    Length   Top    Selector   Space  Class     Delta

                reset_vec                      000000  000003  000003         0       0  CODE        2
                cstackBANK0                    000020  000005  000025        20       1  BANK0       1
                cstackCOMMON                   000070  00000E  00007E        70       1  COMMON      1
                text3                          000538  00000B  000543       A70       0  CODE        2
                maintext                       000543  000016  000559       A86       0  CODE        2
                text4                          000559  00002E  000587       AB2       0  CODE        2
                text5                          000587  00002F  0005B6       B0E       0  CODE        2
                text6                          0005B6  000031  0005E7       B6C       0  CODE        2
                text7                          0005E7  00003B  000622       BCE       0  CODE        2
                text2                          000622  000061  000683       C44       0  CODE        2
                text1                          000683  0000A0  000723       D06       0  CODE        2
                text8                          000723  0000D9  0007FC       E46       0  CODE        2
                cinit                          0007FC  000004  000800       FF8       0  CODE        2


UNUSED ADDRESS RANGES

        Name                Unused          Largest block    Delta
        BANK0            0025-006F             4B           1
        BANK1            00A0-00EF             50           1
        BANK2            0110-016F             60           1
        BANK3            0190-01EF             60           1
        CODE             0003-0537            535           2
                         0800-1FFF            800
        CONST            0003-0537            100           2
                         0800-1FFF            100
        EEDATA           2100-21FF            100           2
        ENTRY            0003-0537            100           2
                         0800-1FFF            100
        IDLOC            2000-2003              4           2
        RAM              0025-006F             4B           1
                         00A0-00EF             50
                         0110-016F             60
                         0190-01EF             60
        SFR0             0000-001F             20           1
        SFR1             0080-009F             20           1
        SFR2             0100-010F             10           1
        SFR3             0180-018F             10           1
        STACK            0110-016F             60           1
        STRCODE          0003-0537            535           2
                         0800-1FFF           1800
        STRING           0003-0537            100           2
                         0800-1FFF            100

                                  Symbol Table

LCD_cmd@cmd              cstackCOMMON 007C
LCD_write@data           cstackCOMMON 007C
_ADCON0                  (abs)        001F
_ADCON1                  (abs)        009F
_ADCS0                   (abs)        00FE
_ADCS2                   (abs)        04FE
_ADIE                    (abs)        0466
_ADIF                    (abs)        0066
_ADON                    (abs)        00F8
_ADRESH                  (abs)        001E
_ADRESL                  (abs)        009E
_CHS0                    (abs)        00FB
_GIE                     (abs)        005F
_INTCON                  (abs)        000B
_LCD_clear               text3        0538
_LCD_cmd                 text4        0559
_LCD_enable              text7        05E7
_LCD_write               text5        0587
_OPTION_REG              (abs)        0081
_PEIE                    (abs)        005E
_PIE1                    (abs)        008C
_PIR1                    (abs)        000C
_PORTA                   (abs)        0005
_PORTB                   (abs)        0006
_PORTC                   (abs)        0007
_PORTD                   (abs)        0008
_PORTE                   (abs)        0009
_PSA                     (abs)        040B
_RB0                     (abs)        0030
_RB4                     (abs)        0034
_RB5                     (abs)        0035
_T2CON                   (abs)        0012
_TMR0IE                  (abs)        005D
_TMR2IE                  (abs)        0461
_TMR2ON                  (abs)        0092
_TRISA                   (abs)        0085
_TRISB                   (abs)        0086
_TRISC                   (abs)        0087
_TRISD                   (abs)        0088
_TRISE                   (abs)        0089
__Habs1                  abs1         0000
__Hbank0                 bank0        0000
__Hbank1                 bank1        0000
__Hbank2                 bank2        0000
__Hbank3                 bank3        0000
__Hcinit                 cinit        0800
__Hclrtext               clrtext      0000
__Hcode                  code         0000
__Hcommon                common       0000
__Hconfig                config       2008
__HcstackBANK0           cstackBANK0  0000
__HcstackCOMMON          cstackCOMMON 0000
__Heeprom_data           eeprom_data  0000
__Hend_init              end_init     0003
__Hfunctab               functab      0000
__Hinit                  init         0000
__Hintentry              intentry     0000
__Hmaintext              maintext     0000
__Hpowerup               powerup      0000
__Hram                   ram          0000
__Hreset_vec             reset_vec    0000
__Hsfr0                  sfr0         0000
__Hsfr1                  sfr1         0000
__Hsfr2                  sfr2         0000
__Hsfr3                  sfr3         0000
__Hspace_0               (abs)        0800
__Hspace_1               (abs)        007E
__Hspace_2               (abs)        0000
__Hspace_3               (abs)        0000
__Hspace_4               (abs)        400F
__Hstack                 stack        0000
__Hstrings               strings      0000
__Htext                  text         0000
__Labs1                  abs1         0000
__Lbank0                 bank0        0000
__Lbank1                 bank1        0000
__Lbank2                 bank2        0000
__Lbank3                 bank3        0000
__Lcinit                 cinit        07FC
__Lclrtext               clrtext      0000
__Lcode                  code         0000
__Lcommon                common       0000
__Lconfig                config       0000
__LcstackBANK0           cstackBANK0  0000
__LcstackCOMMON          cstackCOMMON 0000
__Leeprom_data           eeprom_data  0000
__Lend_init              end_init     0000
__Lfunctab               functab      0000
__Linit                  init         0000
__Lintentry              intentry     0000
__Lmaintext              maintext     0000
__Lpowerup               powerup      0000
__Lram                   ram          0000
__Lreset_vec             reset_vec    0000
__Lsfr0                  sfr0         0000
__Lsfr1                  sfr1         0000
__Lsfr2                  sfr2         0000
__Lsfr3                  sfr3         0000
__Lspace_0               (abs)        0000
__Lspace_1               (abs)        0000
__Lspace_2               (abs)        0000
__Lspace_3               (abs)        0000
__Lspace_4               (abs)        0000
__Lstack                 stack        0000
__Lstrings               strings      0000
__Ltext                  text         0000
__S0                     (abs)        0800
__S1                     (abs)        007E
__S2                     (abs)        0000
__S3                     (abs)        0000
___int_sp                stack        0000
___latbits               (abs)        0002
___sp                    stack        0000
___stackhi               (abs)        0000
___stacklo               (abs)        0000
__end_of_LCD_clear       text3        0543
__end_of_LCD_cmd         text4        0587
__end_of_LCD_enable      text7        0622
__end_of_LCD_write       text5        05B6
__end_of__initialization cinit        07FC
__end_of_init_LCD        text1        0723
__end_of_main            maintext     0559
__end_of_setPinData      text8        07FC
__end_of_setPortData     text6        05E7
__end_of_setPortDir      text2        0683
__initialization         cinit        07FC
__pcstackBANK0           cstackBANK0  0020
__pcstackCOMMON          cstackCOMMON 0070
__pmaintext              maintext     0543
__ptext1                 text1        0683
__ptext2                 text2        0622
__ptext3                 text3        0538
__ptext4                 text4        0559
__ptext5                 text5        0587
__ptext6                 text6        05B6
__ptext7                 text7        05E7
__ptext8                 text8        0723
__size_of_LCD_clear      (abs)        0000
__size_of_LCD_cmd        (abs)        0000
__size_of_LCD_enable     (abs)        0000
__size_of_LCD_write      (abs)        0000
__size_of_init_LCD       (abs)        0000
__size_of_main           (abs)        0000
__size_of_setPinData     (abs)        0000
__size_of_setPortData    (abs)        0000
__size_of_setPortDir     (abs)        0000
_init_LCD                text1        0683
_main                    maintext     0543
_setPinData              text8        0723
_setPortData             text6        05B6
_setPortDir              text2        0622
btemp                    (abs)        007E
end_of_initialization    cinit        07FC
intlevel0                functab      0000
intlevel1                functab      0000
intlevel2                functab      0000
intlevel3                functab      0000
intlevel4                functab      0000
intlevel5                functab      0000
reset_vec                reset_vec    0000
setPinData@data          cstackCOMMON 0074
setPinData@pinNum        cstackCOMMON 0072
setPinData@portNum       cstackCOMMON 0070
setPortData@data         cstackCOMMON 0072
setPortData@portNum      cstackCOMMON 0070
setPortDir@portNum       cstackCOMMON 0070
setPortDir@state         cstackCOMMON 0072
start                    init         0000
start_initialization     cinit        07FC
wtemp0                   (abs)        007E


MODULE INFORMATION

Module		Function		Class		Link	Load	Size
MIO.c
		_setPinData    		CODE           	0723	0000	217
		_setPortDir    		CODE           	0622	0000	97
		_setPortData   		CODE           	05B6	0000	49

MIO.c estimated size: 363

shared
		__initialization		CODE           	07FC	0000	1

shared estimated size: 1

main.c
		_main          		CODE           	0543	0000	22

main.c estimated size: 22

LCD.c
		_LCD_clear     		CODE           	0538	0000	11
		_LCD_write     		CODE           	0587	0000	47
		_LCD_enable    		CODE           	05E7	0000	59
		_init_LCD      		CODE           	0683	0000	160
		_LCD_cmd       		CODE           	0559	0000	46

LCD.c estimated size: 323

