Microchip MPLAB XC8 Compiler V2.32

Linker command line:

-W-3 --edf=C:\Program Files\Microchip\xc8\v2.32\pic\dat\en_msgs.txt -cn \
  -h+dist/default/production\PIC16F87XA.X.production.sym \
  --cmf=dist/default/production\PIC16F87XA.X.production.cmf -z -w9 \
  --disl=596:off --norlf -Q16F877A \
  -oC:\Users\Atef\AppData\Local\Temp\xcAs780.4 --defsym=__MPLAB_BUILD=1 \
  -Mdist/default/production/PIC16F87XA.X.production.map -E1 \
  -ver=XC8 Compiler --acfsm=1493 -ACODE=00h-07FFhx4 -ASTRCODE=00h-01FFFh \
  -ASTRING=00h-0FFhx32 -ACONST=00h-0FFhx32 -AENTRY=00h-0FFhx32 \
  -ACOMMON=070h-07Fh -ABANK0=020h-06Fh -ABANK1=0A0h-0EFh \
  -ABANK2=0110h-016Fh -ABANK3=0190h-01EFh \
  -ARAM=020h-06Fh,0A0h-0EFh,0110h-016Fh,0190h-01EFh \
  -AABS1=020h-07Fh,0A0h-0EFh,0110h-016Fh,0190h-01EFh -ASFR0=00h-01Fh \
  -ASFR1=080h-09Fh -ASFR2=0100h-010Fh -ASFR3=0180h-018Fh \
  -ACONFIG=02007h-02007h -DCONFIG=2 -AIDLOC=02000h-02003h -DIDLOC=2 \
  -AEEDATA=00h-0FFh/02100h -peeprom_data=EEDATA -DEEDATA=2 -DCODE=2 \
  -DSTRCODE=2 -DSTRING=2 -DCONST=2 -DENTRY=2 \
  -preset_vec=00h,intentry,init,end_init -ppowerup=CODE -pcinit=CODE \
  -pfunctab=ENTRY -k C:\Users\Atef\AppData\Local\Temp\xcAs780.o \
  dist/default/production\PIC16F87XA.X.production.o 

Object code version is 3.11

Machine type is 16F877A



                Name                               Link     Load   Length Selector   Space Scale
C:\Users\Atef\AppData\Local\Temp\xcAs780.o
                end_init                              0        0        4        0       0
dist/default/production\PIC16F87XA.X.production.o
                cinit                               7FC      7FC        4      FF8       0
                text7                               64A      64A       D9      C94       0
                text6                               4FA      4FA       3A      9F4       0
                text5                               4C9      4C9       31      992       0
                text4                               4BE      4BE        B      97C       0
                text3                               723      723       D9      E46       0
                text2                               534      534       61      A68       0
                text1                               595      595       B5      B2A       0
                maintext                            4B5      4B5        9      96A       0
                cstackBANK0                          20       20        2       20       1
                cstackCOMMON                         70       70        E       70       1

TOTAL           Name                               Link     Load   Length     Space
        CLASS   CODE           
                end_init                              0        0        4         0
                cinit                               7FC      7FC        4         0
                text7                               64A      64A       D9         0
                text6                               4FA      4FA       3A         0
                text5                               4C9      4C9       31         0
                text4                               4BE      4BE        B         0
                text3                               723      723       D9         0
                text2                               534      534       61         0
                text1                               595      595       B5         0
                maintext                            4B5      4B5        9         0

        CLASS   STRCODE        

        CLASS   STRING         

        CLASS   CONST          

        CLASS   ENTRY          

        CLASS   COMMON         
                cstackCOMMON                         70       70        E         1

        CLASS   BANK0          
                cstackBANK0                          20       20        2         1

        CLASS   BANK1          

        CLASS   BANK2          

        CLASS   BANK3          

        CLASS   RAM            

        CLASS   ABS1           
                abs_s1                               7E       7E        2         1

        CLASS   SFR0           

        CLASS   SFR1           

        CLASS   SFR2           

        CLASS   SFR3           

        CLASS   CONFIG         

        CLASS   IDLOC          

        CLASS   EEDATA         

        CLASS   STACK          



SEGMENTS        Name                           Load    Length   Top    Selector   Space  Class     Delta

                reset_vec                      000000  000004  000004         0       0  CODE        2
                cstackBANK0                    000020  000002  000022        20       1  BANK0       1
                cstackCOMMON                   000070  00000E  00007E        70       1  COMMON      1
                maintext                       0004B5  000009  0004BE       96A       0  CODE        2
                text4                          0004BE  00000B  0004C9       97C       0  CODE        2
                text5                          0004C9  000031  0004FA       992       0  CODE        2
                text6                          0004FA  00003A  000534       9F4       0  CODE        2
                text2                          000534  000061  000595       A68       0  CODE        2
                text1                          000595  0000B5  00064A       B2A       0  CODE        2
                text7                          00064A  0000D9  000723       C94       0  CODE        2
                text3                          000723  0000D9  0007FC       E46       0  CODE        2
                cinit                          0007FC  000004  000800       FF8       0  CODE        2


UNUSED ADDRESS RANGES

        Name                Unused          Largest block    Delta
        BANK0            0022-006F             4E           1
        BANK1            00A0-00EF             50           1
        BANK2            0110-016F             60           1
        BANK3            0190-01EF             60           1
        CODE             0004-04B4            4B1           2
                         0800-1FFF            800
        CONFIG           2007-2007              1           2
        CONST            0004-04B4            100           2
                         0800-1FFF            100
        EEDATA           2100-21FF            100           2
        ENTRY            0004-04B4            100           2
                         0800-1FFF            100
        IDLOC            2000-2003              4           2
        RAM              0022-006F             4E           1
                         00A0-00EF             50
                         0110-016F             60
                         0190-01EF             60
        SFR0             0000-001F             20           1
        SFR1             0080-009F             20           1
        SFR2             0100-010F             10           1
        SFR3             0180-018F             10           1
        STRCODE          0004-04B4            4B1           2
                         0800-1FFF           1800
        STRING           0004-04B4            100           2
                         0800-1FFF            100

                                  Symbol Table

LCD_cmd@cmd              cstackCOMMON 007C
__Habs1                  abs1         0000
__Hbank0                 bank0        0000
__Hbank1                 bank1        0000
__Hbank2                 bank2        0000
__Hbank3                 bank3        0000
__Hclrtext               clrtext      0000
__Hcode                  code         0000
__Hcommon                common       0000
__HcstackBANK0           cstackBANK0  0000
__HcstackCOMMON          cstackCOMMON 0000
__Heeprom_data           eeprom_data  0000
__Hfunctab               functab      0000
__Hinit                  init         0000
__Hintentry              intentry     0000
__Hmaintext              maintext     0000
__Hpowerup               powerup      0000
__Hram                   ram          0000
__Hreset_vec             reset_vec    0000
__Hsfr0                  sfr0         0000
__Hsfr1                  sfr1         0000
__Hsfr2                  sfr2         0000
__Hsfr3                  sfr3         0000
__Hspace_2               (abs)        0000
__Hspace_3               (abs)        0000
__Hstack                 stack        0000
__Hstrings               strings      0000
__Htext                  text         0000
__Labs1                  abs1         0000
__Lbank0                 bank0        0000
__Lbank1                 bank1        0000
__Lbank2                 bank2        0000
__Lbank3                 bank3        0000
__Lclrtext               clrtext      0000
__Lcode                  code         0000
__Lcommon                common       0000
__LcstackBANK0           cstackBANK0  0000
__LcstackCOMMON          cstackCOMMON 0000
__Leeprom_data           eeprom_data  0000
__Lend_init              end_init     0000
__Lfunctab               functab      0000
__Linit                  init         0000
__Lintentry              intentry     0000
__Lmaintext              maintext     0000
__Lpowerup               powerup      0000
__Lram                   ram          0000
__Lreset_vec             reset_vec    0000
__Lsfr0                  sfr0         0000
__Lsfr1                  sfr1         0000
__Lsfr2                  sfr2         0000
__Lsfr3                  sfr3         0000
__Lspace_0               (abs)        0000
__Lspace_1               (abs)        0000
__Lspace_2               (abs)        0000
__Lspace_3               (abs)        0000
__Lstack                 stack        0000
__Lstrings               strings      0000
__Ltext                  text         0000
__S3                     (abs)        0000
___int_sp                stack        0000
___sp                    stack        0000
___stackhi               (abs)        0000
___stacklo               (abs)        0000
__size_of_LCD_clear      (abs)        0000
__size_of_LCD_cmd        (abs)        0000
__size_of_LCD_enable     (abs)        0000
__size_of_init_LCD       (abs)        0000
__size_of_main           (abs)        0000
__size_of_setPinData     (abs)        0000
__size_of_setPinDir      (abs)        0000
__size_of_setPortDir     (abs)        0000
_setPortData                              
___latbits               (abs)        0002
_PORTA                   (abs)        0005
_PORTB                   (abs)        0006
_PORTC                   (abs)        0007
_PORTD                   (abs)        0008
__Hend_init              end_init     0004
_PORTE                   (abs)        0009
__pcstackBANK0           cstackBANK0  0020
_RC0                     (abs)        0038
_RC1                     (abs)        0039
_RC2                     (abs)        003A
_TMR0IE                  (abs)        005D
__pcstackCOMMON          cstackCOMMON 0070
_setPortData$0           cstackCOMMON 0070
_setPortData$1           cstackCOMMON 0072
__Hspace_1               (abs)        007E
__S1                     (abs)        007E
btemp                    (abs)        007E
_OPTION_REG              (abs)        0081
_TRISA                   (abs)        0085
_TRISB                   (abs)        0086
_TRISC                   (abs)        0087
_TRISD                   (abs)        0088
_TRISE                   (abs)        0089
_PSA                     (abs)        040B
__Hspace_0               (abs)        0800
__S0                     (abs)        0800
__pmaintext              maintext     04B5
_main                    maintext     04B5
_LCD_clear               text4        04BE
__end_of_main            maintext     04BE
__ptext4                 text4        04BE
_LCD_cmd                 text5        04C9
__end_of_LCD_clear       text4        04C9
__ptext5                 text5        04C9
_LCD_enable              text6        04FA
__end_of_LCD_cmd         text5        04FA
__ptext6                 text6        04FA
__end_of_LCD_enable      text6        0534
__ptext2                 text2        0534
_setPortDir              text2        0534
__end_of_setPortDir      text2        0595
__ptext1                 text1        0595
_init_LCD                text1        0595
__end_of_init_LCD        text1        064A
__ptext7                 text7        064A
_setPinData              text7        064A
__end_of_setPinData      text7        0723
__ptext3                 text3        0723
_setPinDir               text3        0723
__Lcinit                 cinit        07FC
__end_of__initialization cinit        07FC
__end_of_setPinDir       text3        07FC
__initialization         cinit        07FC
__Hcinit                 cinit        0800
end_of_initialization    cinit        07FC
intlevel0                functab      0000
intlevel1                functab      0000
intlevel2                functab      0000
intlevel3                functab      0000
intlevel4                functab      0000
intlevel5                functab      0000
reset_vec                reset_vec    0000
start                    init         0000
setPinData@portNum       cstackCOMMON 0070
setPinDir@portNum        cstackCOMMON 0070
setPortDir@portNum       cstackCOMMON 0070
setPinData@pinNum        cstackCOMMON 0072
setPinDir@pinNum         cstackCOMMON 0072
setPortDir@state         cstackCOMMON 0072
setPinData@data          cstackCOMMON 0074
setPinDir@state          cstackCOMMON 0074
wtemp0                   (abs)        007E
start_initialization     cinit        07FC
